// Jest Snapshot v1, https://goo.gl/fbAQLP

exports[`RoutesCarousel should render correctly in "debug" mode 1`] = `
<Carousel
  controls={true}
  defaultActiveIndex={0}
  fade={false}
  indicators={true}
  interval={5000}
  keyboard={true}
  nextIcon={
    <span
      aria-hidden="true"
      className="carousel-control-next-icon"
    />
  }
  nextLabel="Next"
  pause="hover"
  prevIcon={
    <span
      aria-hidden="true"
      className="carousel-control-prev-icon"
    />
  }
  prevLabel="Previous"
  slide={true}
  touch={true}
  wrap={true}
>
  <CarouselItem
    key="/img/inrupt.svg"
  >
    <img
      alt="Imagen 1"
      className="d-block route-img"
      src="/img/inrupt.svg"
    />
    <CarouselCaption>
      <h3>
        Imagen 1
      </h3>
    </CarouselCaption>
  </CarouselItem>
  <CarouselItem
    key="/img/logo.svg"
  >
    <img
      alt="Imagen 2"
      className="d-block route-img"
      src="/img/logo.svg"
    />
    <CarouselCaption>
      <h3>
        Imagen 2
      </h3>
    </CarouselCaption>
  </CarouselItem>
  <CarouselItem
    key="/img/Solid.svg"
  >
    <img
      alt="Imagen 3"
      className="d-block route-img"
      src="/img/Solid.svg"
    />
    <CarouselCaption>
      <h3>
        Imagen 3
      </h3>
    </CarouselCaption>
  </CarouselItem>
</Carousel>
`;
