// Jest Snapshot v1, https://goo.gl/fbAQLP

exports[`ShareForm should render correctly in 'debug' mode 1`] = `
<form
  className="list-holder"
  style={
    Object {
      "width": "750px",
    }
  }
>
  <h1>
    Share with
  </h1>
  <LoggedIn>
    <List
      src="user.friends"
    >
      <Component />
    </List>
  </LoggedIn>
</form>
`;
