// Jest Snapshot v1, https://goo.gl/fbAQLP

exports[`FriendsRoutes should render correctly in "debug" mode 1`] = `
<div>
  <Row
    className="justify-content-md-center"
    noGutters={false}
  >
    <Col
      key="col-1"
      lg={1}
      md={12}
      sm={12}
      xl={1}
      xs={12}
    />
    <Col
      key="col-2"
      lg={10}
      md={12}
      sm={12}
      xl={10}
      xs={12}
    >
      <Row
        noGutters={false}
      />
    </Col>
    <Col
      key="col-3"
      lg={1}
      md={12}
      sm={12}
      xl={1}
      xs={12}
    />
  </Row>
</div>
`;
