// Jest Snapshot v1, https://goo.gl/fbAQLP

exports[`AuthNavBar should render correctly in "debug" mode 1`] = `
<Navbar
  bg="light"
  collapseOnSelect={false}
  expand="lg"
  variant="light"
>
  <NavbarBrand
    href=""
  >
    <Image
      alt="Viade"
      fluid={false}
      rounded={false}
      roundedCircle={false}
      src="/img/logo.svg"
      thumbnail={false}
    />
  </NavbarBrand>
  <UploadButton />
  <NavbarToggle
    aria-controls="basic-navbar-nav"
    label="Toggle navigation"
  />
  <NavbarCollapse
    id="basic-navbar-nav"
  >
    <Nav
      className="mr-auto"
      fill={false}
      justify={false}
    />
    <Nav
      fill={false}
      justify={false}
    >
      <NavLink
        exact={true}
        to="/notifications"
      >
        <Image
          alt="Notifications"
          className="logout-img"
          fluid={false}
          rounded={false}
          roundedCircle={false}
          src="/img/bell.svg"
          thumbnail={false}
        />
      </NavLink>
      <NavLink
        className="link"
        exact={true}
        to="/myRoutes"
      >
        MyRoutes
      </NavLink>
      <NavLink
        className="link"
        exact={true}
        to="/friendsRoutes"
      >
        FriendsRoutes
      </NavLink>
      <NavLink
        className="link"
        exact={true}
        to="/profile"
      >
        Profile
      </NavLink>
      <NavLink
        className="link"
        exact={true}
        to="/share"
      >
        Share
      </NavLink>
      <Image
        className="logout-img"
        fluid={false}
        onClick={[Function]}
        rounded={false}
        roundedCircle={false}
        src="/img/logout.svg"
        thumbnail={false}
      />
    </Nav>
  </NavbarCollapse>
</Navbar>
`;
