// Jest Snapshot v1, https://goo.gl/fbAQLP

exports[`ShareForm should render correctly in "debug" mode 1`] = `
<form
  onSubmit={[Function]}
>
  <label>
    Route's webID:
    <input
      name="route"
      onChange={[Function]}
      type="text"
    />
  </label>
  <label>
    Insert your friend's webID:
    <input
      name="friend"
      onChange={[Function]}
      type="text"
    />
  </label>
  <input
    type="submit"
    value="Submit"
  />
</form>
`;
